// Jest Snapshot v1, https://goo.gl/fbAQLP

exports[`Cart checkout() should return an object with the total and the list of items 1`] = `
Object {
  "formatted": "R$3,025.56",
  "items": Array [
    Object {
      "product": Object {
        "price": 35388,
        "title": "Adidas running shoes - men",
      },
      "quantity": 5,
    },
    Object {
      "product": Object {
        "price": 41872,
        "title": "Adidas running shoes - women",
      },
      "quantity": 3,
    },
  ],
  "total": 302556,
}
`;

exports[`Cart should include formatted amount in the summary 1`] = `
Object {
  "formatted": "R$3,025.56",
  "items": Array [
    Object {
      "product": Object {
        "price": 35388,
        "title": "Adidas running shoes - men",
      },
      "quantity": 5,
    },
    Object {
      "product": Object {
        "price": 41872,
        "title": "Adidas running shoes - women",
      },
      "quantity": 3,
    },
  ],
  "total": 302556,
}
`;
